// Jest Snapshot v1, https://goo.gl/fbAQLP

exports[`Main should match snapshot 1`] = `
<RNCSafeAreaView
  edges={
    {
      "bottom": "additive",
      "left": "additive",
      "right": "additive",
      "top": "additive",
    }
  }
  style={
    {
      "backgroundColor": "#f8f9fa",
      "flex": 1,
    }
  }
>
  <View
    accessibilityState={
      {
        "busy": undefined,
        "checked": undefined,
        "disabled": undefined,
        "expanded": undefined,
        "selected": undefined,
      }
    }
    accessibilityValue={
      {
        "max": undefined,
        "min": undefined,
        "now": undefined,
        "text": undefined,
      }
    }
    accessible={true}
    collapsable={false}
    focusable={true}
    onBlur={[Function]}
    onClick={[Function]}
    onFocus={[Function]}
    onResponderGrant={[Function]}
    onResponderMove={[Function]}
    onResponderRelease={[Function]}
    onResponderTerminate={[Function]}
    onResponderTerminationRequest={[Function]}
    onStartShouldSetResponder={[Function]}
    style={
      {
        "flexShrink": 1,
        "paddingHorizontal": 40,
      }
    }
  >
    <View
      style={
        {
          "flexDirection": "row",
          "gap": 24,
          "marginTop": 19.714285714285715,
        }
      }
    >
      <View
        style={
          {
            "flexGrow": 1,
          }
        }
      >
        <View
          style={
            {
              "alignItems": "center",
              "backgroundColor": "lightgray",
              "borderRadius": 24,
              "flexDirection": "row",
              "overflow": "hidden",
            }
          }
        >
          <View
            style={
              {
                "paddingLeft": 16,
              }
            }
          >
            <RNSVGSvgView
              align="xMidYMid"
              bbHeight="48"
              bbWidth="48"
              focusable={false}
              height={48}
              meetOrSlice={0}
              minX={0}
              minY={-960}
              style={
                [
                  {
                    "backgroundColor": "transparent",
                    "borderWidth": 0,
                  },
                  {
                    "flex": 0,
                    "height": 48,
                    "width": 48,
                  },
                ]
              }
              vbHeight={960}
              vbWidth={960}
              width={48}
            >
              <RNSVGGroup
                fill={
                  {
                    "payload": 4278190080,
                    "type": 0,
                  }
                }
              >
                <RNSVGPath
                  d="M779.385-153.846 528.923-404.307q-30 25.538-69 39.538-39 14-78.385 14-96.1 0-162.665-66.529-66.566-66.529-66.566-162.577t66.529-162.702q66.529-66.654 162.577-66.654 96.049 0 162.702 66.565Q610.769-676.101 610.769-580q0 41.692-14.769 80.692-14.769 39-38.769 66.693l250.462 250.461-28.308 28.308ZM381.538-390.769q79.616 0 134.423-54.808Q570.769-500.385 570.769-580q0-79.615-54.808-134.423-54.807-54.808-134.423-54.808-79.615 0-134.423 54.808Q192.308-659.615 192.308-580q0 79.615 54.807 134.423 54.808 54.808 134.423 54.808Z"
                  fill={
                    {
                      "payload": 4278190080,
                      "type": 0,
                    }
                  }
                />
              </RNSVGGroup>
            </RNSVGSvgView>
          </View>
          <TextInput
            maxLength={28}
            onBlur={[Function]}
            onChangeText={[Function]}
            onFocus={[Function]}
            placeholder="Search"
            placeholderTextColor="gray"
            style={
              [
                {
                  "backgroundColor": "lightgray",
                  "flexGrow": 1,
                  "fontSize": 32,
                  "paddingVertical": 19.714285714285715,
                },
                {
                  "paddingHorizontal": 8,
                },
                undefined,
              ]
            }
            value=""
          />
        </View>
      </View>
    </View>
    <RCTScrollView
      ListFooterComponent={
        <AppButton
          onPress={[Function]}
          style={
            {
              "height": 841.1428571428571,
            }
          }
        />
      }
      contentContainerStyle={
        {
          "marginTop": 16.428571428571427,
          "minHeight": "100%",
        }
      }
      data={[]}
      getItem={[Function]}
      getItemCount={[Function]}
      keyExtractor={[Function]}
      onContentSizeChange={[Function]}
      onLayout={[Function]}
      onMomentumScrollBegin={[Function]}
      onMomentumScrollEnd={[Function]}
      onScroll={[Function]}
      onScrollBeginDrag={[Function]}
      onScrollEndDrag={[Function]}
      onViewableItemsChanged={[Function]}
      removeClippedSubviews={false}
      renderItem={[Function]}
      scrollEventThrottle={0.0001}
      showsVerticalScrollIndicator={false}
      stickyHeaderIndices={[]}
      viewabilityConfig={
        {
          "viewAreaCoveragePercentThreshold": 100,
        }
      }
      viewabilityConfigCallbackPairs={
        [
          {
            "onViewableItemsChanged": [Function],
            "viewabilityConfig": {
              "viewAreaCoveragePercentThreshold": 100,
            },
          },
        ]
      }
    >
      <View>
        <View
          onLayout={[Function]}
        >
          <View
            accessibilityState={
              {
                "busy": undefined,
                "checked": undefined,
                "disabled": false,
                "expanded": undefined,
                "selected": undefined,
              }
            }
            accessibilityValue={
              {
                "max": undefined,
                "min": undefined,
                "now": undefined,
                "text": undefined,
              }
            }
            accessible={true}
            collapsable={false}
            focusable={true}
            hitSlop={10}
            onBlur={[Function]}
            onClick={[Function]}
            onFocus={[Function]}
            onResponderGrant={[Function]}
            onResponderMove={[Function]}
            onResponderRelease={[Function]}
            onResponderTerminate={[Function]}
            onResponderTerminationRequest={[Function]}
            onStartShouldSetResponder={[Function]}
            style={
              [
                {
                  "opacity": 1,
                },
                {
                  "height": 841.1428571428571,
                },
              ]
            }
          />
        </View>
      </View>
    </RCTScrollView>
  </View>
  <View
    style={
      [
        {
          "alignItems": "flex-start",
          "backgroundColor": "#f8f9fa",
          "borderTopColor": "gray",
          "borderTopWidth": 1,
          "flex": 1,
          "flexDirection": "row",
          "paddingHorizontal": 40,
          "paddingTop": 19.714285714285715,
        },
        {
          "paddingBottom": 19.714285714285715,
        },
      ]
    }
  >
    <View
      accessibilityState={
        {
          "busy": undefined,
          "checked": undefined,
          "disabled": false,
          "expanded": undefined,
          "selected": undefined,
        }
      }
      accessibilityValue={
        {
          "max": undefined,
          "min": undefined,
          "now": undefined,
          "text": undefined,
        }
      }
      accessible={true}
      collapsable={false}
      focusable={true}
      hitSlop={10}
      onBlur={[Function]}
      onClick={[Function]}
      onFocus={[Function]}
      onResponderGrant={[Function]}
      onResponderMove={[Function]}
      onResponderRelease={[Function]}
      onResponderTerminate={[Function]}
      onResponderTerminationRequest={[Function]}
      onStartShouldSetResponder={[Function]}
      style={
        [
          {
            "opacity": 1,
          },
          {
            "alignItems": "center",
            "height": 96,
            "justifyContent": "center",
            "width": 96,
          },
        ]
      }
    >
      <RNSVGSvgView
        align="xMidYMid"
        bbHeight="64"
        bbWidth="64"
        focusable={false}
        height={64}
        meetOrSlice={0}
        minX={0}
        minY={-960}
        style={
          [
            {
              "backgroundColor": "transparent",
              "borderWidth": 0,
            },
            {
              "flex": 0,
              "height": 64,
              "width": 64,
            },
          ]
        }
        vbHeight={960}
        vbWidth={960}
        width={64}
      >
        <RNSVGGroup
          fill={
            {
              "payload": 4278190080,
              "type": 0,
            }
          }
        >
          <RNSVGPath
            d="M417-417H166v-126h251v-251h126v251h251v126H543v251H417v-251Z"
            fill={
              {
                "payload": 4278190080,
                "type": 0,
              }
            }
          />
        </RNSVGGroup>
      </RNSVGSvgView>
    </View>
  </View>
</RNCSafeAreaView>
`;
